---
source: capc/tests/parser.rs
expression: module
---
Module {
    package: Safe,
    name: Path {
        segments: [
            Spanned {
                item: "fs_read",
                span: Span {
                    start: 7,
                    end: 14,
                },
            },
        ],
        span: Span {
            start: 7,
            end: 14,
        },
    },
    uses: [
        UseDecl {
            path: Path {
                segments: [
                    Spanned {
                        item: "sys",
                        span: Span {
                            start: 19,
                            end: 22,
                        },
                    },
                    Spanned {
                        item: "system",
                        span: Span {
                            start: 24,
                            end: 30,
                        },
                    },
                ],
                span: Span {
                    start: 19,
                    end: 30,
                },
            },
            span: Span {
                start: 15,
                end: 30,
            },
        },
        UseDecl {
            path: Path {
                segments: [
                    Spanned {
                        item: "sys",
                        span: Span {
                            start: 35,
                            end: 38,
                        },
                    },
                    Spanned {
                        item: "fs",
                        span: Span {
                            start: 40,
                            end: 42,
                        },
                    },
                ],
                span: Span {
                    start: 35,
                    end: 42,
                },
            },
            span: Span {
                start: 31,
                end: 42,
            },
        },
        UseDecl {
            path: Path {
                segments: [
                    Spanned {
                        item: "sys",
                        span: Span {
                            start: 47,
                            end: 50,
                        },
                    },
                    Spanned {
                        item: "console",
                        span: Span {
                            start: 52,
                            end: 59,
                        },
                    },
                ],
                span: Span {
                    start: 47,
                    end: 59,
                },
            },
            span: Span {
                start: 43,
                end: 59,
            },
        },
    ],
    items: [
        Function(
            Function {
                name: Spanned {
                    item: "main",
                    span: Span {
                        start: 68,
                        end: 72,
                    },
                },
                params: [
                    Param {
                        name: Spanned {
                            item: "sys",
                            span: Span {
                                start: 73,
                                end: 76,
                            },
                        },
                        ty: Some(
                            Path {
                                path: Path {
                                    segments: [
                                        Spanned {
                                            item: "RootCap",
                                            span: Span {
                                                start: 78,
                                                end: 85,
                                            },
                                        },
                                    ],
                                    span: Span {
                                        start: 78,
                                        end: 85,
                                    },
                                },
                                args: [],
                                span: Span {
                                    start: 78,
                                    end: 85,
                                },
                            },
                        ),
                    },
                ],
                ret: Path {
                    path: Path {
                        segments: [
                            Spanned {
                                item: "i32",
                                span: Span {
                                    start: 90,
                                    end: 93,
                                },
                            },
                        ],
                        span: Span {
                            start: 90,
                            end: 93,
                        },
                    },
                    args: [],
                    span: Span {
                        start: 90,
                        end: 93,
                    },
                },
                body: Block {
                    stmts: [
                        Let(
                            LetStmt {
                                name: Spanned {
                                    item: "c",
                                    span: Span {
                                        start: 102,
                                        end: 103,
                                    },
                                },
                                ty: None,
                                expr: MethodCall(
                                    MethodCallExpr {
                                        receiver: Path(
                                            Path {
                                                segments: [
                                                    Spanned {
                                                        item: "sys",
                                                        span: Span {
                                                            start: 106,
                                                            end: 109,
                                                        },
                                                    },
                                                ],
                                                span: Span {
                                                    start: 106,
                                                    end: 109,
                                                },
                                            },
                                        ),
                                        method: Spanned {
                                            item: "mint_console",
                                            span: Span {
                                                start: 110,
                                                end: 122,
                                            },
                                        },
                                        args: [],
                                        span: Span {
                                            start: 106,
                                            end: 124,
                                        },
                                    },
                                ),
                                span: Span {
                                    start: 98,
                                    end: 124,
                                },
                            },
                        ),
                        Let(
                            LetStmt {
                                name: Spanned {
                                    item: "rfs",
                                    span: Span {
                                        start: 131,
                                        end: 134,
                                    },
                                },
                                ty: None,
                                expr: MethodCall(
                                    MethodCallExpr {
                                        receiver: Path(
                                            Path {
                                                segments: [
                                                    Spanned {
                                                        item: "sys",
                                                        span: Span {
                                                            start: 137,
                                                            end: 140,
                                                        },
                                                    },
                                                ],
                                                span: Span {
                                                    start: 137,
                                                    end: 140,
                                                },
                                            },
                                        ),
                                        method: Spanned {
                                            item: "mint_readfs",
                                            span: Span {
                                                start: 141,
                                                end: 152,
                                            },
                                        },
                                        args: [
                                            Literal(
                                                LiteralExpr {
                                                    value: String(
                                                        "./config",
                                                    ),
                                                    span: Span {
                                                        start: 153,
                                                        end: 163,
                                                    },
                                                },
                                            ),
                                        ],
                                        span: Span {
                                            start: 137,
                                            end: 164,
                                        },
                                    },
                                ),
                                span: Span {
                                    start: 127,
                                    end: 164,
                                },
                            },
                        ),
                        Expr(
                            ExprStmt {
                                expr: Match(
                                    MatchExpr {
                                        expr: Call(
                                            CallExpr {
                                                callee: Path(
                                                    Path {
                                                        segments: [
                                                            Spanned {
                                                                item: "fs",
                                                                span: Span {
                                                                    start: 174,
                                                                    end: 176,
                                                                },
                                                            },
                                                            Spanned {
                                                                item: "read_to_string",
                                                                span: Span {
                                                                    start: 178,
                                                                    end: 192,
                                                                },
                                                            },
                                                        ],
                                                        span: Span {
                                                            start: 174,
                                                            end: 192,
                                                        },
                                                    },
                                                ),
                                                args: [
                                                    Path(
                                                        Path {
                                                            segments: [
                                                                Spanned {
                                                                    item: "rfs",
                                                                    span: Span {
                                                                        start: 193,
                                                                        end: 196,
                                                                    },
                                                                },
                                                            ],
                                                            span: Span {
                                                                start: 193,
                                                                end: 196,
                                                            },
                                                        },
                                                    ),
                                                    Literal(
                                                        LiteralExpr {
                                                            value: String(
                                                                "app.txt",
                                                            ),
                                                            span: Span {
                                                                start: 198,
                                                                end: 207,
                                                            },
                                                        },
                                                    ),
                                                ],
                                                span: Span {
                                                    start: 174,
                                                    end: 208,
                                                },
                                            },
                                        ),
                                        arms: [
                                            MatchArm {
                                                pattern: Call {
                                                    path: Path {
                                                        segments: [
                                                            Spanned {
                                                                item: "Ok",
                                                                span: Span {
                                                                    start: 215,
                                                                    end: 217,
                                                                },
                                                            },
                                                        ],
                                                        span: Span {
                                                            start: 215,
                                                            end: 217,
                                                        },
                                                    },
                                                    binding: Some(
                                                        Spanned {
                                                            item: "s",
                                                            span: Span {
                                                                start: 218,
                                                                end: 219,
                                                            },
                                                        },
                                                    ),
                                                    span: Span {
                                                        start: 215,
                                                        end: 220,
                                                    },
                                                },
                                                body: Block {
                                                    stmts: [
                                                        Expr(
                                                            ExprStmt {
                                                                expr: Call(
                                                                    CallExpr {
                                                                        callee: Path(
                                                                            Path {
                                                                                segments: [
                                                                                    Spanned {
                                                                                        item: "console",
                                                                                        span: Span {
                                                                                            start: 226,
                                                                                            end: 233,
                                                                                        },
                                                                                    },
                                                                                    Spanned {
                                                                                        item: "println",
                                                                                        span: Span {
                                                                                            start: 235,
                                                                                            end: 242,
                                                                                        },
                                                                                    },
                                                                                ],
                                                                                span: Span {
                                                                                    start: 226,
                                                                                    end: 242,
                                                                                },
                                                                            },
                                                                        ),
                                                                        args: [
                                                                            Path(
                                                                                Path {
                                                                                    segments: [
                                                                                        Spanned {
                                                                                            item: "c",
                                                                                            span: Span {
                                                                                                start: 243,
                                                                                                end: 244,
                                                                                            },
                                                                                        },
                                                                                    ],
                                                                                    span: Span {
                                                                                        start: 243,
                                                                                        end: 244,
                                                                                    },
                                                                                },
                                                                            ),
                                                                            Path(
                                                                                Path {
                                                                                    segments: [
                                                                                        Spanned {
                                                                                            item: "s",
                                                                                            span: Span {
                                                                                                start: 246,
                                                                                                end: 247,
                                                                                            },
                                                                                        },
                                                                                    ],
                                                                                    span: Span {
                                                                                        start: 246,
                                                                                        end: 247,
                                                                                    },
                                                                                },
                                                                            ),
                                                                        ],
                                                                        span: Span {
                                                                            start: 226,
                                                                            end: 248,
                                                                        },
                                                                    },
                                                                ),
                                                                span: Span {
                                                                    start: 226,
                                                                    end: 249,
                                                                },
                                                            },
                                                        ),
                                                        Return(
                                                            ReturnStmt {
                                                                expr: Some(
                                                                    Literal(
                                                                        LiteralExpr {
                                                                            value: Int(
                                                                                0,
                                                                            ),
                                                                            span: Span {
                                                                                start: 257,
                                                                                end: 258,
                                                                            },
                                                                        },
                                                                    ),
                                                                ),
                                                                span: Span {
                                                                    start: 250,
                                                                    end: 260,
                                                                },
                                                            },
                                                        ),
                                                    ],
                                                    span: Span {
                                                        start: 224,
                                                        end: 260,
                                                    },
                                                },
                                                span: Span {
                                                    start: 168,
                                                    end: 260,
                                                },
                                            },
                                            MatchArm {
                                                pattern: Call {
                                                    path: Path {
                                                        segments: [
                                                            Spanned {
                                                                item: "Err",
                                                                span: Span {
                                                                    start: 265,
                                                                    end: 268,
                                                                },
                                                            },
                                                        ],
                                                        span: Span {
                                                            start: 265,
                                                            end: 268,
                                                        },
                                                    },
                                                    binding: Some(
                                                        Spanned {
                                                            item: "e",
                                                            span: Span {
                                                                start: 269,
                                                                end: 270,
                                                            },
                                                        },
                                                    ),
                                                    span: Span {
                                                        start: 265,
                                                        end: 271,
                                                    },
                                                },
                                                body: Block {
                                                    stmts: [
                                                        Expr(
                                                            ExprStmt {
                                                                expr: Call(
                                                                    CallExpr {
                                                                        callee: Path(
                                                                            Path {
                                                                                segments: [
                                                                                    Spanned {
                                                                                        item: "console",
                                                                                        span: Span {
                                                                                            start: 277,
                                                                                            end: 284,
                                                                                        },
                                                                                    },
                                                                                    Spanned {
                                                                                        item: "println",
                                                                                        span: Span {
                                                                                            start: 286,
                                                                                            end: 293,
                                                                                        },
                                                                                    },
                                                                                ],
                                                                                span: Span {
                                                                                    start: 277,
                                                                                    end: 293,
                                                                                },
                                                                            },
                                                                        ),
                                                                        args: [
                                                                            Path(
                                                                                Path {
                                                                                    segments: [
                                                                                        Spanned {
                                                                                            item: "c",
                                                                                            span: Span {
                                                                                                start: 294,
                                                                                                end: 295,
                                                                                            },
                                                                                        },
                                                                                    ],
                                                                                    span: Span {
                                                                                        start: 294,
                                                                                        end: 295,
                                                                                    },
                                                                                },
                                                                            ),
                                                                            Literal(
                                                                                LiteralExpr {
                                                                                    value: String(
                                                                                        "read failed",
                                                                                    ),
                                                                                    span: Span {
                                                                                        start: 297,
                                                                                        end: 310,
                                                                                    },
                                                                                },
                                                                            ),
                                                                        ],
                                                                        span: Span {
                                                                            start: 277,
                                                                            end: 311,
                                                                        },
                                                                    },
                                                                ),
                                                                span: Span {
                                                                    start: 277,
                                                                    end: 312,
                                                                },
                                                            },
                                                        ),
                                                        Return(
                                                            ReturnStmt {
                                                                expr: Some(
                                                                    Literal(
                                                                        LiteralExpr {
                                                                            value: Int(
                                                                                1,
                                                                            ),
                                                                            span: Span {
                                                                                start: 320,
                                                                                end: 321,
                                                                            },
                                                                        },
                                                                    ),
                                                                ),
                                                                span: Span {
                                                                    start: 313,
                                                                    end: 323,
                                                                },
                                                            },
                                                        ),
                                                    ],
                                                    span: Span {
                                                        start: 275,
                                                        end: 323,
                                                    },
                                                },
                                                span: Span {
                                                    start: 168,
                                                    end: 323,
                                                },
                                            },
                                        ],
                                        span: Span {
                                            start: 168,
                                            end: 327,
                                        },
                                    },
                                ),
                                span: Span {
                                    start: 168,
                                    end: 327,
                                },
                            },
                        ),
                    ],
                    span: Span {
                        start: 94,
                        end: 329,
                    },
                },
                is_pub: true,
                doc: None,
                span: Span {
                    start: 65,
                    end: 329,
                },
            },
        ),
    ],
    span: Span {
        start: 0,
        end: 329,
    },
}
