---
source: capc/tests/parser.rs
expression: module
---
Module {
    package: Safe,
    name: Path {
        segments: [
            Spanned {
                item: "fs_read",
                span: Span {
                    start: 7,
                    end: 14,
                },
            },
        ],
        span: Span {
            start: 7,
            end: 14,
        },
    },
    uses: [
        UseDecl {
            path: Path {
                segments: [
                    Spanned {
                        item: "sys",
                        span: Span {
                            start: 19,
                            end: 22,
                        },
                    },
                    Spanned {
                        item: "system",
                        span: Span {
                            start: 24,
                            end: 30,
                        },
                    },
                ],
                span: Span {
                    start: 19,
                    end: 30,
                },
            },
            span: Span {
                start: 15,
                end: 30,
            },
        },
    ],
    items: [
        Function(
            Function {
                name: Spanned {
                    item: "main",
                    span: Span {
                        start: 39,
                        end: 43,
                    },
                },
                type_params: [],
                params: [
                    Param {
                        name: Spanned {
                            item: "rc",
                            span: Span {
                                start: 44,
                                end: 46,
                            },
                        },
                        ty: Some(
                            Path {
                                path: Path {
                                    segments: [
                                        Spanned {
                                            item: "RootCap",
                                            span: Span {
                                                start: 48,
                                                end: 55,
                                            },
                                        },
                                    ],
                                    span: Span {
                                        start: 48,
                                        end: 55,
                                    },
                                },
                                args: [],
                                span: Span {
                                    start: 48,
                                    end: 55,
                                },
                            },
                        ),
                    },
                ],
                ret: Path {
                    path: Path {
                        segments: [
                            Spanned {
                                item: "i32",
                                span: Span {
                                    start: 60,
                                    end: 63,
                                },
                            },
                        ],
                        span: Span {
                            start: 60,
                            end: 63,
                        },
                    },
                    args: [],
                    span: Span {
                        start: 60,
                        end: 63,
                    },
                },
                body: Block {
                    stmts: [
                        Let(
                            LetStmt {
                                name: Spanned {
                                    item: "c",
                                    span: Span {
                                        start: 72,
                                        end: 73,
                                    },
                                },
                                ty: None,
                                expr: MethodCall(
                                    MethodCallExpr {
                                        receiver: Path(
                                            Path {
                                                segments: [
                                                    Spanned {
                                                        item: "rc",
                                                        span: Span {
                                                            start: 76,
                                                            end: 78,
                                                        },
                                                    },
                                                ],
                                                span: Span {
                                                    start: 76,
                                                    end: 78,
                                                },
                                            },
                                        ),
                                        method: Spanned {
                                            item: "mint_console",
                                            span: Span {
                                                start: 79,
                                                end: 91,
                                            },
                                        },
                                        type_args: [],
                                        args: [],
                                        span: Span {
                                            start: 76,
                                            end: 93,
                                        },
                                    },
                                ),
                                span: Span {
                                    start: 68,
                                    end: 93,
                                },
                            },
                        ),
                        Let(
                            LetStmt {
                                name: Spanned {
                                    item: "alloc",
                                    span: Span {
                                        start: 100,
                                        end: 105,
                                    },
                                },
                                ty: None,
                                expr: MethodCall(
                                    MethodCallExpr {
                                        receiver: Path(
                                            Path {
                                                segments: [
                                                    Spanned {
                                                        item: "rc",
                                                        span: Span {
                                                            start: 108,
                                                            end: 110,
                                                        },
                                                    },
                                                ],
                                                span: Span {
                                                    start: 108,
                                                    end: 110,
                                                },
                                            },
                                        ),
                                        method: Spanned {
                                            item: "mint_alloc_default",
                                            span: Span {
                                                start: 111,
                                                end: 129,
                                            },
                                        },
                                        type_args: [],
                                        args: [],
                                        span: Span {
                                            start: 108,
                                            end: 131,
                                        },
                                    },
                                ),
                                span: Span {
                                    start: 96,
                                    end: 131,
                                },
                            },
                        ),
                        Let(
                            LetStmt {
                                name: Spanned {
                                    item: "rfs",
                                    span: Span {
                                        start: 138,
                                        end: 141,
                                    },
                                },
                                ty: None,
                                expr: MethodCall(
                                    MethodCallExpr {
                                        receiver: Path(
                                            Path {
                                                segments: [
                                                    Spanned {
                                                        item: "rc",
                                                        span: Span {
                                                            start: 144,
                                                            end: 146,
                                                        },
                                                    },
                                                ],
                                                span: Span {
                                                    start: 144,
                                                    end: 146,
                                                },
                                            },
                                        ),
                                        method: Spanned {
                                            item: "mint_readfs",
                                            span: Span {
                                                start: 147,
                                                end: 158,
                                            },
                                        },
                                        type_args: [],
                                        args: [
                                            Literal(
                                                LiteralExpr {
                                                    value: String(
                                                        "./config",
                                                    ),
                                                    span: Span {
                                                        start: 159,
                                                        end: 169,
                                                    },
                                                },
                                            ),
                                        ],
                                        span: Span {
                                            start: 144,
                                            end: 170,
                                        },
                                    },
                                ),
                                span: Span {
                                    start: 134,
                                    end: 170,
                                },
                            },
                        ),
                        Expr(
                            ExprStmt {
                                expr: Match(
                                    MatchExpr {
                                        expr: MethodCall(
                                            MethodCallExpr {
                                                receiver: Path(
                                                    Path {
                                                        segments: [
                                                            Spanned {
                                                                item: "rfs",
                                                                span: Span {
                                                                    start: 180,
                                                                    end: 183,
                                                                },
                                                            },
                                                        ],
                                                        span: Span {
                                                            start: 180,
                                                            end: 183,
                                                        },
                                                    },
                                                ),
                                                method: Spanned {
                                                    item: "read_to_string",
                                                    span: Span {
                                                        start: 184,
                                                        end: 198,
                                                    },
                                                },
                                                type_args: [],
                                                args: [
                                                    Path(
                                                        Path {
                                                            segments: [
                                                                Spanned {
                                                                    item: "alloc",
                                                                    span: Span {
                                                                        start: 199,
                                                                        end: 204,
                                                                    },
                                                                },
                                                            ],
                                                            span: Span {
                                                                start: 199,
                                                                end: 204,
                                                            },
                                                        },
                                                    ),
                                                    Literal(
                                                        LiteralExpr {
                                                            value: String(
                                                                "app.txt",
                                                            ),
                                                            span: Span {
                                                                start: 206,
                                                                end: 215,
                                                            },
                                                        },
                                                    ),
                                                ],
                                                span: Span {
                                                    start: 180,
                                                    end: 216,
                                                },
                                            },
                                        ),
                                        arms: [
                                            MatchArm {
                                                pattern: Call {
                                                    path: Path {
                                                        segments: [
                                                            Spanned {
                                                                item: "Ok",
                                                                span: Span {
                                                                    start: 223,
                                                                    end: 225,
                                                                },
                                                            },
                                                        ],
                                                        span: Span {
                                                            start: 223,
                                                            end: 225,
                                                        },
                                                    },
                                                    binding: Some(
                                                        Spanned {
                                                            item: "s",
                                                            span: Span {
                                                                start: 226,
                                                                end: 227,
                                                            },
                                                        },
                                                    ),
                                                    span: Span {
                                                        start: 223,
                                                        end: 228,
                                                    },
                                                },
                                                body: Block {
                                                    stmts: [
                                                        Expr(
                                                            ExprStmt {
                                                                expr: MethodCall(
                                                                    MethodCallExpr {
                                                                        receiver: Path(
                                                                            Path {
                                                                                segments: [
                                                                                    Spanned {
                                                                                        item: "c",
                                                                                        span: Span {
                                                                                            start: 234,
                                                                                            end: 235,
                                                                                        },
                                                                                    },
                                                                                ],
                                                                                span: Span {
                                                                                    start: 234,
                                                                                    end: 235,
                                                                                },
                                                                            },
                                                                        ),
                                                                        method: Spanned {
                                                                            item: "println",
                                                                            span: Span {
                                                                                start: 236,
                                                                                end: 243,
                                                                            },
                                                                        },
                                                                        type_args: [],
                                                                        args: [
                                                                            Path(
                                                                                Path {
                                                                                    segments: [
                                                                                        Spanned {
                                                                                            item: "s",
                                                                                            span: Span {
                                                                                                start: 244,
                                                                                                end: 245,
                                                                                            },
                                                                                        },
                                                                                    ],
                                                                                    span: Span {
                                                                                        start: 244,
                                                                                        end: 245,
                                                                                    },
                                                                                },
                                                                            ),
                                                                        ],
                                                                        span: Span {
                                                                            start: 234,
                                                                            end: 246,
                                                                        },
                                                                    },
                                                                ),
                                                                span: Span {
                                                                    start: 234,
                                                                    end: 247,
                                                                },
                                                            },
                                                        ),
                                                        Return(
                                                            ReturnStmt {
                                                                expr: Some(
                                                                    Literal(
                                                                        LiteralExpr {
                                                                            value: Int(
                                                                                0,
                                                                            ),
                                                                            span: Span {
                                                                                start: 255,
                                                                                end: 256,
                                                                            },
                                                                        },
                                                                    ),
                                                                ),
                                                                span: Span {
                                                                    start: 248,
                                                                    end: 258,
                                                                },
                                                            },
                                                        ),
                                                    ],
                                                    span: Span {
                                                        start: 232,
                                                        end: 258,
                                                    },
                                                },
                                                span: Span {
                                                    start: 174,
                                                    end: 258,
                                                },
                                            },
                                            MatchArm {
                                                pattern: Call {
                                                    path: Path {
                                                        segments: [
                                                            Spanned {
                                                                item: "Err",
                                                                span: Span {
                                                                    start: 263,
                                                                    end: 266,
                                                                },
                                                            },
                                                        ],
                                                        span: Span {
                                                            start: 263,
                                                            end: 266,
                                                        },
                                                    },
                                                    binding: Some(
                                                        Spanned {
                                                            item: "e",
                                                            span: Span {
                                                                start: 267,
                                                                end: 268,
                                                            },
                                                        },
                                                    ),
                                                    span: Span {
                                                        start: 263,
                                                        end: 269,
                                                    },
                                                },
                                                body: Block {
                                                    stmts: [
                                                        Expr(
                                                            ExprStmt {
                                                                expr: MethodCall(
                                                                    MethodCallExpr {
                                                                        receiver: Path(
                                                                            Path {
                                                                                segments: [
                                                                                    Spanned {
                                                                                        item: "c",
                                                                                        span: Span {
                                                                                            start: 275,
                                                                                            end: 276,
                                                                                        },
                                                                                    },
                                                                                ],
                                                                                span: Span {
                                                                                    start: 275,
                                                                                    end: 276,
                                                                                },
                                                                            },
                                                                        ),
                                                                        method: Spanned {
                                                                            item: "println",
                                                                            span: Span {
                                                                                start: 277,
                                                                                end: 284,
                                                                            },
                                                                        },
                                                                        type_args: [],
                                                                        args: [
                                                                            Literal(
                                                                                LiteralExpr {
                                                                                    value: String(
                                                                                        "read failed",
                                                                                    ),
                                                                                    span: Span {
                                                                                        start: 285,
                                                                                        end: 298,
                                                                                    },
                                                                                },
                                                                            ),
                                                                        ],
                                                                        span: Span {
                                                                            start: 275,
                                                                            end: 299,
                                                                        },
                                                                    },
                                                                ),
                                                                span: Span {
                                                                    start: 275,
                                                                    end: 300,
                                                                },
                                                            },
                                                        ),
                                                        Return(
                                                            ReturnStmt {
                                                                expr: Some(
                                                                    Literal(
                                                                        LiteralExpr {
                                                                            value: Int(
                                                                                1,
                                                                            ),
                                                                            span: Span {
                                                                                start: 308,
                                                                                end: 309,
                                                                            },
                                                                        },
                                                                    ),
                                                                ),
                                                                span: Span {
                                                                    start: 301,
                                                                    end: 311,
                                                                },
                                                            },
                                                        ),
                                                    ],
                                                    span: Span {
                                                        start: 273,
                                                        end: 311,
                                                    },
                                                },
                                                span: Span {
                                                    start: 174,
                                                    end: 311,
                                                },
                                            },
                                        ],
                                        span: Span {
                                            start: 174,
                                            end: 315,
                                        },
                                        match_span: Span {
                                            start: 174,
                                            end: 179,
                                        },
                                    },
                                ),
                                span: Span {
                                    start: 174,
                                    end: 315,
                                },
                            },
                        ),
                    ],
                    span: Span {
                        start: 64,
                        end: 317,
                    },
                },
                is_pub: true,
                doc: None,
                span: Span {
                    start: 36,
                    end: 317,
                },
            },
        ),
    ],
    span: Span {
        start: 0,
        end: 317,
    },
}
