---
source: capc/tests/parser.rs
expression: module
---
Module {
    package: Safe,
    name: Path {
        segments: [
            Spanned {
                item: "hello",
                span: Span {
                    start: 7,
                    end: 12,
                },
            },
        ],
        span: Span {
            start: 7,
            end: 12,
        },
    },
    uses: [
        UseDecl {
            path: Path {
                segments: [
                    Spanned {
                        item: "sys",
                        span: Span {
                            start: 17,
                            end: 20,
                        },
                    },
                    Spanned {
                        item: "root",
                        span: Span {
                            start: 22,
                            end: 26,
                        },
                    },
                    Spanned {
                        item: "RootCap",
                        span: Span {
                            start: 28,
                            end: 35,
                        },
                    },
                ],
                span: Span {
                    start: 17,
                    end: 35,
                },
            },
            span: Span {
                start: 13,
                end: 35,
            },
        },
    ],
    items: [
        Function(
            Function {
                name: Spanned {
                    item: "main",
                    span: Span {
                        start: 44,
                        end: 48,
                    },
                },
                params: [
                    Param {
                        name: Spanned {
                            item: "rc",
                            span: Span {
                                start: 49,
                                end: 51,
                            },
                        },
                        ty: Path {
                            path: Path {
                                segments: [
                                    Spanned {
                                        item: "RootCap",
                                        span: Span {
                                            start: 53,
                                            end: 60,
                                        },
                                    },
                                ],
                                span: Span {
                                    start: 53,
                                    end: 60,
                                },
                            },
                            args: [],
                            span: Span {
                                start: 53,
                                end: 60,
                            },
                        },
                    },
                ],
                ret: Path {
                    path: Path {
                        segments: [
                            Spanned {
                                item: "i32",
                                span: Span {
                                    start: 65,
                                    end: 68,
                                },
                            },
                        ],
                        span: Span {
                            start: 65,
                            end: 68,
                        },
                    },
                    args: [],
                    span: Span {
                        start: 65,
                        end: 68,
                    },
                },
                body: Block {
                    stmts: [
                        Let(
                            LetStmt {
                                name: Spanned {
                                    item: "c",
                                    span: Span {
                                        start: 77,
                                        end: 78,
                                    },
                                },
                                ty: None,
                                expr: MethodCall(
                                    MethodCallExpr {
                                        receiver: Path(
                                            Path {
                                                segments: [
                                                    Spanned {
                                                        item: "rc",
                                                        span: Span {
                                                            start: 81,
                                                            end: 83,
                                                        },
                                                    },
                                                ],
                                                span: Span {
                                                    start: 81,
                                                    end: 83,
                                                },
                                            },
                                        ),
                                        method: Spanned {
                                            item: "mint_console",
                                            span: Span {
                                                start: 84,
                                                end: 96,
                                            },
                                        },
                                        args: [],
                                        span: Span {
                                            start: 81,
                                            end: 98,
                                        },
                                    },
                                ),
                                span: Span {
                                    start: 73,
                                    end: 98,
                                },
                            },
                        ),
                        Expr(
                            ExprStmt {
                                expr: MethodCall(
                                    MethodCallExpr {
                                        receiver: Path(
                                            Path {
                                                segments: [
                                                    Spanned {
                                                        item: "c",
                                                        span: Span {
                                                            start: 101,
                                                            end: 102,
                                                        },
                                                    },
                                                ],
                                                span: Span {
                                                    start: 101,
                                                    end: 102,
                                                },
                                            },
                                        ),
                                        method: Spanned {
                                            item: "println",
                                            span: Span {
                                                start: 103,
                                                end: 110,
                                            },
                                        },
                                        args: [
                                            Literal(
                                                LiteralExpr {
                                                    value: String(
                                                        "hello",
                                                    ),
                                                    span: Span {
                                                        start: 111,
                                                        end: 118,
                                                    },
                                                },
                                            ),
                                        ],
                                        span: Span {
                                            start: 101,
                                            end: 119,
                                        },
                                    },
                                ),
                                span: Span {
                                    start: 101,
                                    end: 119,
                                },
                            },
                        ),
                        Return(
                            ReturnStmt {
                                expr: Some(
                                    Literal(
                                        LiteralExpr {
                                            value: Int(
                                                0,
                                            ),
                                            span: Span {
                                                start: 129,
                                                end: 130,
                                            },
                                        },
                                    ),
                                ),
                                span: Span {
                                    start: 122,
                                    end: 132,
                                },
                            },
                        ),
                    ],
                    span: Span {
                        start: 69,
                        end: 132,
                    },
                },
                is_pub: true,
                doc: None,
                span: Span {
                    start: 41,
                    end: 132,
                },
            },
        ),
    ],
    span: Span {
        start: 0,
        end: 132,
    },
}
