---
source: capc/tests/parser.rs
expression: module
---
Module {
    package: Safe,
    name: Path {
        segments: [
            Spanned {
                item: "hello",
                span: Span {
                    start: 7,
                    end: 12,
                },
            },
        ],
        span: Span {
            start: 7,
            end: 12,
        },
    },
    uses: [
        UseDecl {
            path: Path {
                segments: [
                    Spanned {
                        item: "sys",
                        span: Span {
                            start: 17,
                            end: 20,
                        },
                    },
                    Spanned {
                        item: "system",
                        span: Span {
                            start: 22,
                            end: 28,
                        },
                    },
                ],
                span: Span {
                    start: 17,
                    end: 28,
                },
            },
            span: Span {
                start: 13,
                end: 28,
            },
        },
    ],
    items: [
        Function(
            Function {
                name: Spanned {
                    item: "main",
                    span: Span {
                        start: 37,
                        end: 41,
                    },
                },
                params: [
                    Param {
                        name: Spanned {
                            item: "sys",
                            span: Span {
                                start: 42,
                                end: 45,
                            },
                        },
                        ty: Some(
                            Path {
                                path: Path {
                                    segments: [
                                        Spanned {
                                            item: "RootCap",
                                            span: Span {
                                                start: 47,
                                                end: 54,
                                            },
                                        },
                                    ],
                                    span: Span {
                                        start: 47,
                                        end: 54,
                                    },
                                },
                                args: [],
                                span: Span {
                                    start: 47,
                                    end: 54,
                                },
                            },
                        ),
                    },
                ],
                ret: Path {
                    path: Path {
                        segments: [
                            Spanned {
                                item: "i32",
                                span: Span {
                                    start: 59,
                                    end: 62,
                                },
                            },
                        ],
                        span: Span {
                            start: 59,
                            end: 62,
                        },
                    },
                    args: [],
                    span: Span {
                        start: 59,
                        end: 62,
                    },
                },
                body: Block {
                    stmts: [
                        Let(
                            LetStmt {
                                name: Spanned {
                                    item: "c",
                                    span: Span {
                                        start: 71,
                                        end: 72,
                                    },
                                },
                                ty: None,
                                expr: MethodCall(
                                    MethodCallExpr {
                                        receiver: Path(
                                            Path {
                                                segments: [
                                                    Spanned {
                                                        item: "sys",
                                                        span: Span {
                                                            start: 75,
                                                            end: 78,
                                                        },
                                                    },
                                                ],
                                                span: Span {
                                                    start: 75,
                                                    end: 78,
                                                },
                                            },
                                        ),
                                        method: Spanned {
                                            item: "mint_console",
                                            span: Span {
                                                start: 79,
                                                end: 91,
                                            },
                                        },
                                        args: [],
                                        span: Span {
                                            start: 75,
                                            end: 93,
                                        },
                                    },
                                ),
                                span: Span {
                                    start: 67,
                                    end: 93,
                                },
                            },
                        ),
                        Expr(
                            ExprStmt {
                                expr: MethodCall(
                                    MethodCallExpr {
                                        receiver: Path(
                                            Path {
                                                segments: [
                                                    Spanned {
                                                        item: "c",
                                                        span: Span {
                                                            start: 96,
                                                            end: 97,
                                                        },
                                                    },
                                                ],
                                                span: Span {
                                                    start: 96,
                                                    end: 97,
                                                },
                                            },
                                        ),
                                        method: Spanned {
                                            item: "println",
                                            span: Span {
                                                start: 98,
                                                end: 105,
                                            },
                                        },
                                        args: [
                                            Literal(
                                                LiteralExpr {
                                                    value: String(
                                                        "hello",
                                                    ),
                                                    span: Span {
                                                        start: 106,
                                                        end: 113,
                                                    },
                                                },
                                            ),
                                        ],
                                        span: Span {
                                            start: 96,
                                            end: 114,
                                        },
                                    },
                                ),
                                span: Span {
                                    start: 96,
                                    end: 114,
                                },
                            },
                        ),
                        Return(
                            ReturnStmt {
                                expr: Some(
                                    Literal(
                                        LiteralExpr {
                                            value: Int(
                                                0,
                                            ),
                                            span: Span {
                                                start: 124,
                                                end: 125,
                                            },
                                        },
                                    ),
                                ),
                                span: Span {
                                    start: 117,
                                    end: 127,
                                },
                            },
                        ),
                    ],
                    span: Span {
                        start: 63,
                        end: 127,
                    },
                },
                is_pub: true,
                doc: None,
                span: Span {
                    start: 34,
                    end: 127,
                },
            },
        ),
    ],
    span: Span {
        start: 0,
        end: 127,
    },
}
