---
source: capc/tests/parser.rs
expression: module
---
Module {
    package: Safe,
    name: Path {
        segments: [
            Spanned {
                item: "test",
                span: Span {
                    start: 7,
                    end: 11,
                },
            },
            Spanned {
                item: "docs",
                span: Span {
                    start: 13,
                    end: 17,
                },
            },
        ],
        span: Span {
            start: 7,
            end: 17,
        },
    },
    uses: [],
    items: [
        Struct(
            StructDecl {
                name: Spanned {
                    item: "Foo",
                    span: Span {
                        start: 97,
                        end: 100,
                    },
                },
                fields: [
                    Field {
                        name: Spanned {
                            item: "field",
                            span: Span {
                                start: 107,
                                end: 112,
                            },
                        },
                        ty: Path {
                            path: Path {
                                segments: [
                                    Spanned {
                                        item: "i32",
                                        span: Span {
                                            start: 114,
                                            end: 117,
                                        },
                                    },
                                ],
                                span: Span {
                                    start: 114,
                                    end: 117,
                                },
                            },
                            args: [],
                            span: Span {
                                start: 114,
                                end: 117,
                            },
                        },
                    },
                ],
                is_pub: true,
                is_opaque: false,
                is_linear: false,
                is_copy: false,
                doc: None,
                span: Span {
                    start: 90,
                    end: 120,
                },
            },
        ),
        Enum(
            EnumDecl {
                name: Spanned {
                    item: "MyEnum",
                    span: Span {
                        start: 176,
                        end: 182,
                    },
                },
                variants: [
                    EnumVariant {
                        name: Spanned {
                            item: "A",
                            span: Span {
                                start: 189,
                                end: 190,
                            },
                        },
                        payload: None,
                        span: Span {
                            start: 189,
                            end: 190,
                        },
                    },
                    EnumVariant {
                        name: Spanned {
                            item: "B",
                            span: Span {
                                start: 196,
                                end: 197,
                            },
                        },
                        payload: None,
                        span: Span {
                            start: 196,
                            end: 197,
                        },
                    },
                ],
                is_pub: true,
                doc: None,
                span: Span {
                    start: 171,
                    end: 200,
                },
            },
        ),
        Function(
            Function {
                name: Spanned {
                    item: "my_func",
                    span: Span {
                        start: 233,
                        end: 240,
                    },
                },
                params: [
                    Param {
                        name: Spanned {
                            item: "a",
                            span: Span {
                                start: 241,
                                end: 242,
                            },
                        },
                        ty: Some(
                            Path {
                                path: Path {
                                    segments: [
                                        Spanned {
                                            item: "i32",
                                            span: Span {
                                                start: 244,
                                                end: 247,
                                            },
                                        },
                                    ],
                                    span: Span {
                                        start: 244,
                                        end: 247,
                                    },
                                },
                                args: [],
                                span: Span {
                                    start: 244,
                                    end: 247,
                                },
                            },
                        ),
                    },
                ],
                ret: Path {
                    path: Path {
                        segments: [
                            Spanned {
                                item: "i32",
                                span: Span {
                                    start: 252,
                                    end: 255,
                                },
                            },
                        ],
                        span: Span {
                            start: 252,
                            end: 255,
                        },
                    },
                    args: [],
                    span: Span {
                        start: 252,
                        end: 255,
                    },
                },
                body: Block {
                    stmts: [
                        Return(
                            ReturnStmt {
                                expr: Some(
                                    Path(
                                        Path {
                                            segments: [
                                                Spanned {
                                                    item: "a",
                                                    span: Span {
                                                        start: 269,
                                                        end: 270,
                                                    },
                                                },
                                            ],
                                            span: Span {
                                                start: 269,
                                                end: 270,
                                            },
                                        },
                                    ),
                                ),
                                span: Span {
                                    start: 262,
                                    end: 272,
                                },
                            },
                        ),
                    ],
                    span: Span {
                        start: 256,
                        end: 272,
                    },
                },
                is_pub: true,
                doc: None,
                span: Span {
                    start: 230,
                    end: 272,
                },
            },
        ),
        ExternFunction(
            ExternFunction {
                name: Spanned {
                    item: "my_extern_func",
                    span: Span {
                        start: 312,
                        end: 326,
                    },
                },
                params: [],
                ret: Path {
                    path: Path {
                        segments: [
                            Spanned {
                                item: "unit",
                                span: Span {
                                    start: 332,
                                    end: 336,
                                },
                            },
                        ],
                        span: Span {
                            start: 332,
                            end: 336,
                        },
                    },
                    args: [],
                    span: Span {
                        start: 332,
                        end: 336,
                    },
                },
                is_pub: true,
                doc: None,
                span: Span {
                    start: 302,
                    end: 336,
                },
            },
        ),
    ],
    span: Span {
        start: 0,
        end: 336,
    },
}
