---
source: capc/tests/parser.rs
expression: module
---
Module {
    package: Safe,
    name: Path {
        segments: [
            Spanned {
                item: "hello",
                span: Span {
                    start: 7,
                    end: 12,
                },
            },
        ],
        span: Span {
            start: 7,
            end: 12,
        },
    },
    uses: [
        UseDecl {
            path: Path {
                segments: [
                    Spanned {
                        item: "sys",
                        span: Span {
                            start: 17,
                            end: 20,
                        },
                    },
                    Spanned {
                        item: "system",
                        span: Span {
                            start: 21,
                            end: 27,
                        },
                    },
                ],
                span: Span {
                    start: 17,
                    end: 27,
                },
            },
            span: Span {
                start: 13,
                end: 27,
            },
        },
        UseDecl {
            path: Path {
                segments: [
                    Spanned {
                        item: "sys",
                        span: Span {
                            start: 32,
                            end: 35,
                        },
                    },
                    Spanned {
                        item: "console",
                        span: Span {
                            start: 36,
                            end: 43,
                        },
                    },
                ],
                span: Span {
                    start: 32,
                    end: 43,
                },
            },
            span: Span {
                start: 28,
                end: 43,
            },
        },
    ],
    items: [
        Function(
            Function {
                name: Spanned {
                    item: "main",
                    span: Span {
                        start: 52,
                        end: 56,
                    },
                },
                params: [
                    Param {
                        name: Spanned {
                            item: "sys",
                            span: Span {
                                start: 57,
                                end: 60,
                            },
                        },
                        ty: Path {
                            path: Path {
                                segments: [
                                    Spanned {
                                        item: "System",
                                        span: Span {
                                            start: 62,
                                            end: 68,
                                        },
                                    },
                                ],
                                span: Span {
                                    start: 62,
                                    end: 68,
                                },
                            },
                            args: [],
                            span: Span {
                                start: 62,
                                end: 68,
                            },
                        },
                    },
                ],
                ret: Path {
                    path: Path {
                        segments: [
                            Spanned {
                                item: "i32",
                                span: Span {
                                    start: 73,
                                    end: 76,
                                },
                            },
                        ],
                        span: Span {
                            start: 73,
                            end: 76,
                        },
                    },
                    args: [],
                    span: Span {
                        start: 73,
                        end: 76,
                    },
                },
                body: Block {
                    stmts: [
                        Let(
                            LetStmt {
                                name: Spanned {
                                    item: "c",
                                    span: Span {
                                        start: 85,
                                        end: 86,
                                    },
                                },
                                ty: None,
                                expr: Call(
                                    CallExpr {
                                        callee: FieldAccess(
                                            FieldAccessExpr {
                                                object: Path(
                                                    Path {
                                                        segments: [
                                                            Spanned {
                                                                item: "system",
                                                                span: Span {
                                                                    start: 89,
                                                                    end: 95,
                                                                },
                                                            },
                                                        ],
                                                        span: Span {
                                                            start: 89,
                                                            end: 95,
                                                        },
                                                    },
                                                ),
                                                field: Spanned {
                                                    item: "console",
                                                    span: Span {
                                                        start: 96,
                                                        end: 103,
                                                    },
                                                },
                                                span: Span {
                                                    start: 89,
                                                    end: 103,
                                                },
                                            },
                                        ),
                                        args: [
                                            Path(
                                                Path {
                                                    segments: [
                                                        Spanned {
                                                            item: "sys",
                                                            span: Span {
                                                                start: 104,
                                                                end: 107,
                                                            },
                                                        },
                                                    ],
                                                    span: Span {
                                                        start: 104,
                                                        end: 107,
                                                    },
                                                },
                                            ),
                                        ],
                                        span: Span {
                                            start: 89,
                                            end: 108,
                                        },
                                    },
                                ),
                                span: Span {
                                    start: 81,
                                    end: 108,
                                },
                            },
                        ),
                        Expr(
                            ExprStmt {
                                expr: Call(
                                    CallExpr {
                                        callee: FieldAccess(
                                            FieldAccessExpr {
                                                object: Path(
                                                    Path {
                                                        segments: [
                                                            Spanned {
                                                                item: "console",
                                                                span: Span {
                                                                    start: 111,
                                                                    end: 118,
                                                                },
                                                            },
                                                        ],
                                                        span: Span {
                                                            start: 111,
                                                            end: 118,
                                                        },
                                                    },
                                                ),
                                                field: Spanned {
                                                    item: "println",
                                                    span: Span {
                                                        start: 119,
                                                        end: 126,
                                                    },
                                                },
                                                span: Span {
                                                    start: 111,
                                                    end: 126,
                                                },
                                            },
                                        ),
                                        args: [
                                            Path(
                                                Path {
                                                    segments: [
                                                        Spanned {
                                                            item: "c",
                                                            span: Span {
                                                                start: 127,
                                                                end: 128,
                                                            },
                                                        },
                                                    ],
                                                    span: Span {
                                                        start: 127,
                                                        end: 128,
                                                    },
                                                },
                                            ),
                                            Literal(
                                                LiteralExpr {
                                                    value: String(
                                                        "hello",
                                                    ),
                                                    span: Span {
                                                        start: 130,
                                                        end: 137,
                                                    },
                                                },
                                            ),
                                        ],
                                        span: Span {
                                            start: 111,
                                            end: 138,
                                        },
                                    },
                                ),
                                span: Span {
                                    start: 111,
                                    end: 138,
                                },
                            },
                        ),
                        Return(
                            ReturnStmt {
                                expr: Some(
                                    Literal(
                                        LiteralExpr {
                                            value: Int(
                                                0,
                                            ),
                                            span: Span {
                                                start: 148,
                                                end: 149,
                                            },
                                        },
                                    ),
                                ),
                                span: Span {
                                    start: 141,
                                    end: 151,
                                },
                            },
                        ),
                    ],
                    span: Span {
                        start: 77,
                        end: 151,
                    },
                },
                is_pub: true,
                doc: None,
                span: Span {
                    start: 49,
                    end: 151,
                },
            },
        ),
    ],
    span: Span {
        start: 0,
        end: 151,
    },
}
